/home/ganesh/research/vowel_classifier/data/clip_nsp_stimuli/mfcc/hid_head_Step_2_middle_ramped.htk
/home/ganesh/research/vowel_classifier/data/clip_nsp_stimuli/mfcc/hayed_had_Step_5_middle_ramped.htk
/home/ganesh/research/vowel_classifier/data/clip_nsp_stimuli/mfcc/hid_head_Step_11_middle_ramped.htk
/home/ganesh/research/vowel_classifier/data/clip_nsp_stimuli/mfcc/hayed_head_Step_12_middle_ramped.htk
/home/ganesh/research/vowel_classifier/data/clip_nsp_stimuli/mfcc/hood_hudd_Step_12_middle_ramped.htk
/home/ganesh/research/vowel_classifier/data/clip_nsp_stimuli/mfcc/hid_hayed_Step_4_middle_ramped.htk
/home/ganesh/research/vowel_classifier/data/clip_nsp_stimuli/mfcc/hayed_head_Step_1_middle_ramped.htk
/home/ganesh/research/vowel_classifier/data/clip_nsp_stimuli/mfcc/heed_hid_Step_8_middle_ramped.htk
/home/ganesh/research/vowel_classifier/data/clip_nsp_stimuli/mfcc/hoed_hudd_Step_1_middle_ramped.htk
/home/ganesh/research/vowel_classifier/data/clip_nsp_stimuli/mfcc/hayed_head_Step_5_middle_ramped.htk
/home/ganesh/research/vowel_classifier/data/clip_nsp_stimuli/mfcc/heed_hayed_Step_12_middle_ramped.htk
/home/ganesh/research/vowel_classifier/data/clip_nsp_stimuli/mfcc/heed_hid_Step_11_middle_ramped.htk
/home/ganesh/research/vowel_classifier/data/clip_nsp_stimuli/mfcc/heed_hid_Step_6_middle_ramped.htk
/home/ganesh/research/vowel_classifier/data/clip_nsp_stimuli/mfcc/whod_hood_Step_8_middle_ramped.htk
/home/ganesh/research/vowel_classifier/data/clip_nsp_stimuli/mfcc/heed_hayed_Step_10_middle_ramped.htk
/home/ganesh/research/vowel_classifier/data/clip_nsp_stimuli/mfcc/hoed_hudd_Step_9_middle_ramped.htk
/home/ganesh/research/vowel_classifier/data/clip_nsp_stimuli/mfcc/hayed_head_Step_10_middle_ramped.htk
/home/ganesh/research/vowel_classifier/data/clip_nsp_stimuli/mfcc/heed_hid_Step_4_middle_ramped.htk
/home/ganesh/research/vowel_classifier/data/clip_nsp_stimuli/mfcc/whod_hoed_Step_8_middle_ramped.htk
/home/ganesh/research/vowel_classifier/data/clip_nsp_stimuli/mfcc/whod_hood_Step_9_middle_ramped.htk
/home/ganesh/research/vowel_classifier/data/clip_nsp_stimuli/mfcc/hoed_hod_Step_8_middle_ramped.htk
/home/ganesh/research/vowel_classifier/data/clip_nsp_stimuli/mfcc/hid_head_Step_10_middle_ramped.htk
/home/ganesh/research/vowel_classifier/data/clip_nsp_stimuli/mfcc/heed_hid_Step_9_middle_ramped.htk
/home/ganesh/research/vowel_classifier/data/clip_nsp_stimuli/mfcc/head_had_Step_10_middle_ramped.htk
/home/ganesh/research/vowel_classifier/data/clip_nsp_stimuli/mfcc/hood_hoed_Step_3_middle_ramped.htk
/home/ganesh/research/vowel_classifier/data/clip_nsp_stimuli/mfcc/hid_hayed_Step_8_middle_ramped.htk
/home/ganesh/research/vowel_classifier/data/clip_nsp_stimuli/mfcc/whod_hood_Step_3_middle_ramped.htk
/home/ganesh/research/vowel_classifier/data/clip_nsp_stimuli/mfcc/hayed_head_Step_6_middle_ramped.htk
/home/ganesh/research/vowel_classifier/data/clip_nsp_stimuli/mfcc/hoed_hod_Step_6_middle_ramped.htk
/home/ganesh/research/vowel_classifier/data/clip_nsp_stimuli/mfcc/head_had_Step_4_middle_ramped.htk
/home/ganesh/research/vowel_classifier/data/clip_nsp_stimuli/mfcc/head_had_Step_9_middle_ramped.htk
/home/ganesh/research/vowel_classifier/data/clip_nsp_stimuli/mfcc/hudd_hod_Step_10_middle_ramped.htk
/home/ganesh/research/vowel_classifier/data/clip_nsp_stimuli/mfcc/whod_hood_Step_4_middle_ramped.htk
/home/ganesh/research/vowel_classifier/data/clip_nsp_stimuli/mfcc/whod_hoed_Step_6_middle_ramped.htk
/home/ganesh/research/vowel_classifier/data/clip_nsp_stimuli/mfcc/hood_hudd_Step_10_middle_ramped.htk
/home/ganesh/research/vowel_classifier/data/clip_nsp_stimuli/mfcc/hoed_hod_Step_2_middle_ramped.htk
/home/ganesh/research/vowel_classifier/data/clip_nsp_stimuli/mfcc/whod_hoed_Step_1_middle_ramped.htk
/home/ganesh/research/vowel_classifier/data/clip_nsp_stimuli/mfcc/heed_hid_Step_5_middle_ramped.htk
/home/ganesh/research/vowel_classifier/data/clip_nsp_stimuli/mfcc/head_had_Step_8_middle_ramped.htk
/home/ganesh/research/vowel_classifier/data/clip_nsp_stimuli/mfcc/hayed_head_Step_4_middle_ramped.htk
/home/ganesh/research/vowel_classifier/data/clip_nsp_stimuli/mfcc/hood_hoed_Step_2_middle_ramped.htk
/home/ganesh/research/vowel_classifier/data/clip_nsp_stimuli/mfcc/heed_hayed_Step_3_middle_ramped.htk
/home/ganesh/research/vowel_classifier/data/clip_nsp_stimuli/mfcc/hid_head_Step_7_middle_ramped.htk
/home/ganesh/research/vowel_classifier/data/clip_nsp_stimuli/mfcc/hudd_hod_Step_1_middle_ramped.htk
/home/ganesh/research/vowel_classifier/data/clip_nsp_stimuli/mfcc/hid_head_Step_5_middle_ramped.htk
/home/ganesh/research/vowel_classifier/data/clip_nsp_stimuli/mfcc/head_had_Step_11_middle_ramped.htk
/home/ganesh/research/vowel_classifier/data/clip_nsp_stimuli/mfcc/hudd_hod_Step_12_middle_ramped.htk
/home/ganesh/research/vowel_classifier/data/clip_nsp_stimuli/mfcc/hayed_had_Step_4_middle_ramped.htk
/home/ganesh/research/vowel_classifier/data/clip_nsp_stimuli/mfcc/whod_hood_Step_12_middle_ramped.htk
/home/ganesh/research/vowel_classifier/data/clip_nsp_stimuli/mfcc/hudd_hod_Step_7_middle_ramped.htk
/home/ganesh/research/vowel_classifier/data/clip_nsp_stimuli/mfcc/hayed_head_Step_7_middle_ramped.htk
/home/ganesh/research/vowel_classifier/data/clip_nsp_stimuli/mfcc/hood_hudd_Step_6_middle_ramped.htk
/home/ganesh/research/vowel_classifier/data/clip_nsp_stimuli/mfcc/hid_hayed_Step_11_middle_ramped.htk
/home/ganesh/research/vowel_classifier/data/clip_nsp_stimuli/mfcc/heed_hid_Step_2_middle_ramped.htk
/home/ganesh/research/vowel_classifier/data/clip_nsp_stimuli/mfcc/whod_hood_Step_7_middle_ramped.htk
/home/ganesh/research/vowel_classifier/data/clip_nsp_stimuli/mfcc/head_had_Step_7_middle_ramped.htk
/home/ganesh/research/vowel_classifier/data/clip_nsp_stimuli/mfcc/heed_hayed_Step_1_middle_ramped.htk
/home/ganesh/research/vowel_classifier/data/clip_nsp_stimuli/mfcc/whod_hood_Step_11_middle_ramped.htk
/home/ganesh/research/vowel_classifier/data/clip_nsp_stimuli/mfcc/heed_hid_Step_1_middle_ramped.htk
/home/ganesh/research/vowel_classifier/data/clip_nsp_stimuli/mfcc/whod_hood_Step_5_middle_ramped.htk
/home/ganesh/research/vowel_classifier/data/clip_nsp_stimuli/mfcc/hid_hayed_Step_6_middle_ramped.htk
/home/ganesh/research/vowel_classifier/data/clip_nsp_stimuli/mfcc/hoed_hudd_Step_6_middle_ramped.htk
/home/ganesh/research/vowel_classifier/data/clip_nsp_stimuli/mfcc/hood_hudd_Step_8_middle_ramped.htk
/home/ganesh/research/vowel_classifier/data/clip_nsp_stimuli/mfcc/hoed_hudd_Step_3_middle_ramped.htk
/home/ganesh/research/vowel_classifier/data/clip_nsp_stimuli/mfcc/hid_hayed_Step_3_middle_ramped.htk
/home/ganesh/research/vowel_classifier/data/clip_nsp_stimuli/mfcc/hoed_hod_Step_1_middle_ramped.htk
/home/ganesh/research/vowel_classifier/data/clip_nsp_stimuli/mfcc/whod_hoed_Step_4_middle_ramped.htk
/home/ganesh/research/vowel_classifier/data/clip_nsp_stimuli/mfcc/heed_hayed_Step_9_middle_ramped.htk
/home/ganesh/research/vowel_classifier/data/clip_nsp_stimuli/mfcc/hudd_hod_Step_2_middle_ramped.htk
/home/ganesh/research/vowel_classifier/data/clip_nsp_stimuli/mfcc/hoed_hod_Step_11_middle_ramped.htk
/home/ganesh/research/vowel_classifier/data/clip_nsp_stimuli/mfcc/hid_hayed_Step_5_middle_ramped.htk
/home/ganesh/research/vowel_classifier/data/clip_nsp_stimuli/mfcc/hayed_had_Step_11_middle_ramped.htk
/home/ganesh/research/vowel_classifier/data/clip_nsp_stimuli/mfcc/heed_hayed_Step_4_middle_ramped.htk
/home/ganesh/research/vowel_classifier/data/clip_nsp_stimuli/mfcc/head_had_Step_1_middle_ramped.htk
/home/ganesh/research/vowel_classifier/data/clip_nsp_stimuli/mfcc/head_had_Step_3_middle_ramped.htk
/home/ganesh/research/vowel_classifier/data/clip_nsp_stimuli/mfcc/hoed_hudd_Step_5_middle_ramped.htk
/home/ganesh/research/vowel_classifier/data/clip_nsp_stimuli/mfcc/hudd_hod_Step_9_middle_ramped.htk
/home/ganesh/research/vowel_classifier/data/clip_nsp_stimuli/mfcc/hid_hayed_Step_9_middle_ramped.htk
/home/ganesh/research/vowel_classifier/data/clip_nsp_stimuli/mfcc/hood_hoed_Step_11_middle_ramped.htk
/home/ganesh/research/vowel_classifier/data/clip_nsp_stimuli/mfcc/hoed_hod_Step_10_middle_ramped.htk
/home/ganesh/research/vowel_classifier/data/clip_nsp_stimuli/mfcc/heed_hayed_Step_8_middle_ramped.htk
/home/ganesh/research/vowel_classifier/data/clip_nsp_stimuli/mfcc/hood_hudd_Step_5_middle_ramped.htk
/home/ganesh/research/vowel_classifier/data/clip_nsp_stimuli/mfcc/heed_hayed_Step_2_middle_ramped.htk
/home/ganesh/research/vowel_classifier/data/clip_nsp_stimuli/mfcc/hood_hoed_Step_1_middle_ramped.htk
/home/ganesh/research/vowel_classifier/data/clip_nsp_stimuli/mfcc/heed_hayed_Step_11_middle_ramped.htk
/home/ganesh/research/vowel_classifier/data/clip_nsp_stimuli/mfcc/hid_head_Step_8_middle_ramped.htk
/home/ganesh/research/vowel_classifier/data/clip_nsp_stimuli/mfcc/hood_hoed_Step_12_middle_ramped.htk
/home/ganesh/research/vowel_classifier/data/clip_nsp_stimuli/mfcc/hayed_had_Step_7_middle_ramped.htk
/home/ganesh/research/vowel_classifier/data/clip_nsp_stimuli/mfcc/hood_hudd_Step_1_middle_ramped.htk
/home/ganesh/research/vowel_classifier/data/clip_nsp_stimuli/mfcc/hayed_had_Step_2_middle_ramped.htk
/home/ganesh/research/vowel_classifier/data/clip_nsp_stimuli/mfcc/hudd_hod_Step_6_middle_ramped.htk
/home/ganesh/research/vowel_classifier/data/clip_nsp_stimuli/mfcc/hayed_had_Step_1_middle_ramped.htk
/home/ganesh/research/vowel_classifier/data/clip_nsp_stimuli/mfcc/hoed_hod_Step_7_middle_ramped.htk
/home/ganesh/research/vowel_classifier/data/clip_nsp_stimuli/mfcc/whod_hoed_Step_12_middle_ramped.htk
/home/ganesh/research/vowel_classifier/data/clip_nsp_stimuli/mfcc/hudd_hod_Step_11_middle_ramped.htk
/home/ganesh/research/vowel_classifier/data/clip_nsp_stimuli/mfcc/heed_hayed_Step_6_middle_ramped.htk
/home/ganesh/research/vowel_classifier/data/clip_nsp_stimuli/mfcc/hudd_hod_Step_4_middle_ramped.htk
/home/ganesh/research/vowel_classifier/data/clip_nsp_stimuli/mfcc/hayed_had_Step_12_middle_ramped.htk
/home/ganesh/research/vowel_classifier/data/clip_nsp_stimuli/mfcc/hayed_head_Step_3_middle_ramped.htk
/home/ganesh/research/vowel_classifier/data/clip_nsp_stimuli/mfcc/hood_hoed_Step_5_middle_ramped.htk
/home/ganesh/research/vowel_classifier/data/clip_nsp_stimuli/mfcc/hid_head_Step_3_middle_ramped.htk
/home/ganesh/research/vowel_classifier/data/clip_nsp_stimuli/mfcc/whod_hood_Step_6_middle_ramped.htk
/home/ganesh/research/vowel_classifier/data/clip_nsp_stimuli/mfcc/whod_hood_Step_1_middle_ramped.htk
/home/ganesh/research/vowel_classifier/data/clip_nsp_stimuli/mfcc/whod_hoed_Step_5_middle_ramped.htk
/home/ganesh/research/vowel_classifier/data/clip_nsp_stimuli/mfcc/hid_head_Step_1_middle_ramped.htk
/home/ganesh/research/vowel_classifier/data/clip_nsp_stimuli/mfcc/hid_hayed_Step_10_middle_ramped.htk
/home/ganesh/research/vowel_classifier/data/clip_nsp_stimuli/mfcc/hayed_head_Step_11_middle_ramped.htk
/home/ganesh/research/vowel_classifier/data/clip_nsp_stimuli/mfcc/hudd_hod_Step_5_middle_ramped.htk
/home/ganesh/research/vowel_classifier/data/clip_nsp_stimuli/mfcc/hayed_head_Step_9_middle_ramped.htk
/home/ganesh/research/vowel_classifier/data/clip_nsp_stimuli/mfcc/hayed_had_Step_9_middle_ramped.htk
/home/ganesh/research/vowel_classifier/data/clip_nsp_stimuli/mfcc/hood_hudd_Step_9_middle_ramped.htk
/home/ganesh/research/vowel_classifier/data/clip_nsp_stimuli/mfcc/head_had_Step_5_middle_ramped.htk
/home/ganesh/research/vowel_classifier/data/clip_nsp_stimuli/mfcc/hoed_hudd_Step_10_middle_ramped.htk
/home/ganesh/research/vowel_classifier/data/clip_nsp_stimuli/mfcc/heed_hayed_Step_5_middle_ramped.htk
/home/ganesh/research/vowel_classifier/data/clip_nsp_stimuli/mfcc/hood_hoed_Step_9_middle_ramped.htk
/home/ganesh/research/vowel_classifier/data/clip_nsp_stimuli/mfcc/heed_hid_Step_12_middle_ramped.htk
/home/ganesh/research/vowel_classifier/data/clip_nsp_stimuli/mfcc/whod_hoed_Step_2_middle_ramped.htk
/home/ganesh/research/vowel_classifier/data/clip_nsp_stimuli/mfcc/hoed_hod_Step_12_middle_ramped.htk
/home/ganesh/research/vowel_classifier/data/clip_nsp_stimuli/mfcc/hayed_had_Step_3_middle_ramped.htk
/home/ganesh/research/vowel_classifier/data/clip_nsp_stimuli/mfcc/hoed_hudd_Step_11_middle_ramped.htk
/home/ganesh/research/vowel_classifier/data/clip_nsp_stimuli/mfcc/hood_hudd_Step_4_middle_ramped.htk
/home/ganesh/research/vowel_classifier/data/clip_nsp_stimuli/mfcc/whod_hoed_Step_10_middle_ramped.htk
/home/ganesh/research/vowel_classifier/data/clip_nsp_stimuli/mfcc/hoed_hudd_Step_2_middle_ramped.htk
/home/ganesh/research/vowel_classifier/data/clip_nsp_stimuli/mfcc/head_had_Step_6_middle_ramped.htk
/home/ganesh/research/vowel_classifier/data/clip_nsp_stimuli/mfcc/heed_hayed_Step_7_middle_ramped.htk
/home/ganesh/research/vowel_classifier/data/clip_nsp_stimuli/mfcc/hid_head_Step_6_middle_ramped.htk
/home/ganesh/research/vowel_classifier/data/clip_nsp_stimuli/mfcc/hood_hoed_Step_6_middle_ramped.htk
/home/ganesh/research/vowel_classifier/data/clip_nsp_stimuli/mfcc/hood_hoed_Step_4_middle_ramped.htk
/home/ganesh/research/vowel_classifier/data/clip_nsp_stimuli/mfcc/hid_hayed_Step_7_middle_ramped.htk
/home/ganesh/research/vowel_classifier/data/clip_nsp_stimuli/mfcc/hood_hudd_Step_7_middle_ramped.htk
/home/ganesh/research/vowel_classifier/data/clip_nsp_stimuli/mfcc/hoed_hod_Step_3_middle_ramped.htk
/home/ganesh/research/vowel_classifier/data/clip_nsp_stimuli/mfcc/head_had_Step_2_middle_ramped.htk
/home/ganesh/research/vowel_classifier/data/clip_nsp_stimuli/mfcc/hood_hoed_Step_7_middle_ramped.htk
/home/ganesh/research/vowel_classifier/data/clip_nsp_stimuli/mfcc/hayed_head_Step_2_middle_ramped.htk
/home/ganesh/research/vowel_classifier/data/clip_nsp_stimuli/mfcc/hid_head_Step_12_middle_ramped.htk
/home/ganesh/research/vowel_classifier/data/clip_nsp_stimuli/mfcc/hid_head_Step_9_middle_ramped.htk
/home/ganesh/research/vowel_classifier/data/clip_nsp_stimuli/mfcc/hood_hudd_Step_11_middle_ramped.htk
/home/ganesh/research/vowel_classifier/data/clip_nsp_stimuli/mfcc/hayed_had_Step_10_middle_ramped.htk
/home/ganesh/research/vowel_classifier/data/clip_nsp_stimuli/mfcc/hoed_hod_Step_9_middle_ramped.htk
/home/ganesh/research/vowel_classifier/data/clip_nsp_stimuli/mfcc/hayed_head_Step_8_middle_ramped.htk
/home/ganesh/research/vowel_classifier/data/clip_nsp_stimuli/mfcc/hid_hayed_Step_2_middle_ramped.htk
/home/ganesh/research/vowel_classifier/data/clip_nsp_stimuli/mfcc/hayed_had_Step_6_middle_ramped.htk
/home/ganesh/research/vowel_classifier/data/clip_nsp_stimuli/mfcc/hudd_hod_Step_8_middle_ramped.htk
/home/ganesh/research/vowel_classifier/data/clip_nsp_stimuli/mfcc/head_had_Step_12_middle_ramped.htk
/home/ganesh/research/vowel_classifier/data/clip_nsp_stimuli/mfcc/hid_hayed_Step_1_middle_ramped.htk
/home/ganesh/research/vowel_classifier/data/clip_nsp_stimuli/mfcc/whod_hoed_Step_9_middle_ramped.htk
/home/ganesh/research/vowel_classifier/data/clip_nsp_stimuli/mfcc/whod_hoed_Step_7_middle_ramped.htk
/home/ganesh/research/vowel_classifier/data/clip_nsp_stimuli/mfcc/hood_hoed_Step_10_middle_ramped.htk
/home/ganesh/research/vowel_classifier/data/clip_nsp_stimuli/mfcc/hood_hudd_Step_3_middle_ramped.htk
/home/ganesh/research/vowel_classifier/data/clip_nsp_stimuli/mfcc/hid_hayed_Step_12_middle_ramped.htk
/home/ganesh/research/vowel_classifier/data/clip_nsp_stimuli/mfcc/heed_hid_Step_10_middle_ramped.htk
/home/ganesh/research/vowel_classifier/data/clip_nsp_stimuli/mfcc/hid_head_Step_4_middle_ramped.htk
/home/ganesh/research/vowel_classifier/data/clip_nsp_stimuli/mfcc/whod_hood_Step_10_middle_ramped.htk
/home/ganesh/research/vowel_classifier/data/clip_nsp_stimuli/mfcc/whod_hoed_Step_11_middle_ramped.htk
/home/ganesh/research/vowel_classifier/data/clip_nsp_stimuli/mfcc/hoed_hudd_Step_12_middle_ramped.htk
/home/ganesh/research/vowel_classifier/data/clip_nsp_stimuli/mfcc/whod_hood_Step_2_middle_ramped.htk
/home/ganesh/research/vowel_classifier/data/clip_nsp_stimuli/mfcc/hoed_hudd_Step_7_middle_ramped.htk
/home/ganesh/research/vowel_classifier/data/clip_nsp_stimuli/mfcc/hoed_hod_Step_4_middle_ramped.htk
/home/ganesh/research/vowel_classifier/data/clip_nsp_stimuli/mfcc/hudd_hod_Step_3_middle_ramped.htk
/home/ganesh/research/vowel_classifier/data/clip_nsp_stimuli/mfcc/hoed_hod_Step_5_middle_ramped.htk
/home/ganesh/research/vowel_classifier/data/clip_nsp_stimuli/mfcc/heed_hid_Step_7_middle_ramped.htk
/home/ganesh/research/vowel_classifier/data/clip_nsp_stimuli/mfcc/hood_hoed_Step_8_middle_ramped.htk
/home/ganesh/research/vowel_classifier/data/clip_nsp_stimuli/mfcc/hoed_hudd_Step_4_middle_ramped.htk
/home/ganesh/research/vowel_classifier/data/clip_nsp_stimuli/mfcc/hoed_hudd_Step_8_middle_ramped.htk
/home/ganesh/research/vowel_classifier/data/clip_nsp_stimuli/mfcc/hayed_had_Step_8_middle_ramped.htk
/home/ganesh/research/vowel_classifier/data/clip_nsp_stimuli/mfcc/heed_hid_Step_3_middle_ramped.htk
/home/ganesh/research/vowel_classifier/data/clip_nsp_stimuli/mfcc/whod_hoed_Step_3_middle_ramped.htk
/home/ganesh/research/vowel_classifier/data/clip_nsp_stimuli/mfcc/hood_hudd_Step_2_middle_ramped.htk
