/home/ganesh/research/vowel_classifier/data/nsp_vowels_dirs/ih/hid293.wav
/home/ganesh/research/vowel_classifier/data/nsp_vowels_dirs/uh/hood120.wav
/home/ganesh/research/vowel_classifier/data/nsp_vowels_dirs/ah/hudd290.wav
/home/ganesh/research/vowel_classifier/data/nsp_vowels_dirs/uw/whod208.wav
/home/ganesh/research/vowel_classifier/data/nsp_vowels_dirs/eh/head156.wav
/home/ganesh/research/vowel_classifier/data/nsp_vowels_dirs/ey/hayed252.wav
/home/ganesh/research/vowel_classifier/data/nsp_vowels_dirs/ey/hayed41.wav
/home/ganesh/research/vowel_classifier/data/nsp_vowels_dirs/eh/head165.wav
/home/ganesh/research/vowel_classifier/data/nsp_vowels_dirs/ah/hudd171.wav
/home/ganesh/research/vowel_classifier/data/nsp_vowels_dirs/eh/head11.wav
/home/ganesh/research/vowel_classifier/data/nsp_vowels_dirs/ow/hoed27.wav
/home/ganesh/research/vowel_classifier/data/nsp_vowels_dirs/ow/hoed217.wav
/home/ganesh/research/vowel_classifier/data/nsp_vowels_dirs/ih/hid281.wav
/home/ganesh/research/vowel_classifier/data/nsp_vowels_dirs/ah/hudd184.wav
/home/ganesh/research/vowel_classifier/data/nsp_vowels_dirs/ih/hid158.wav
/home/ganesh/research/vowel_classifier/data/nsp_vowels_dirs/aa/hod93.wav
/home/ganesh/research/vowel_classifier/data/nsp_vowels_dirs/iy/heed92.wav
/home/ganesh/research/vowel_classifier/data/nsp_vowels_dirs/iy/heed77.wav
/home/ganesh/research/vowel_classifier/data/nsp_vowels_dirs/ae/had34.wav
/home/ganesh/research/vowel_classifier/data/nsp_vowels_dirs/aa/hod124.wav
/home/ganesh/research/vowel_classifier/data/nsp_vowels_dirs/uh/hood260.wav
/home/ganesh/research/vowel_classifier/data/nsp_vowels_dirs/ow/hoed117.wav
/home/ganesh/research/vowel_classifier/data/nsp_vowels_dirs/uh/hood291.wav
/home/ganesh/research/vowel_classifier/data/nsp_vowels_dirs/eh/head94.wav
/home/ganesh/research/vowel_classifier/data/nsp_vowels_dirs/eh/head294.wav
/home/ganesh/research/vowel_classifier/data/nsp_vowels_dirs/ih/hid130.wav
/home/ganesh/research/vowel_classifier/data/nsp_vowels_dirs/uh/hood147.wav
/home/ganesh/research/vowel_classifier/data/nsp_vowels_dirs/uh/hood130.wav
/home/ganesh/research/vowel_classifier/data/nsp_vowels_dirs/ih/hid291.wav
/home/ganesh/research/vowel_classifier/data/nsp_vowels_dirs/iy/heed128.wav
/home/ganesh/research/vowel_classifier/data/nsp_vowels_dirs/ae/had91.wav
/home/ganesh/research/vowel_classifier/data/nsp_vowels_dirs/aa/hod154.wav
/home/ganesh/research/vowel_classifier/data/nsp_vowels_dirs/ey/hayed42.wav
/home/ganesh/research/vowel_classifier/data/nsp_vowels_dirs/ey/hayed84.wav
/home/ganesh/research/vowel_classifier/data/nsp_vowels_dirs/ah/hudd29.wav
/home/ganesh/research/vowel_classifier/data/nsp_vowels_dirs/aa/hod245.wav
/home/ganesh/research/vowel_classifier/data/nsp_vowels_dirs/eh/head228.wav
/home/ganesh/research/vowel_classifier/data/nsp_vowels_dirs/ih/hid264.wav
/home/ganesh/research/vowel_classifier/data/nsp_vowels_dirs/ah/hudd112.wav
/home/ganesh/research/vowel_classifier/data/nsp_vowels_dirs/ow/hoed171.wav
/home/ganesh/research/vowel_classifier/data/nsp_vowels_dirs/ey/hayed36.wav
/home/ganesh/research/vowel_classifier/data/nsp_vowels_dirs/iy/heed79.wav
/home/ganesh/research/vowel_classifier/data/nsp_vowels_dirs/ey/hayed1.wav
/home/ganesh/research/vowel_classifier/data/nsp_vowels_dirs/ah/hudd128.wav
/home/ganesh/research/vowel_classifier/data/nsp_vowels_dirs/eh/head258.wav
/home/ganesh/research/vowel_classifier/data/nsp_vowels_dirs/ah/hudd181.wav
/home/ganesh/research/vowel_classifier/data/nsp_vowels_dirs/uw/whod59.wav
/home/ganesh/research/vowel_classifier/data/nsp_vowels_dirs/iy/heed185.wav
/home/ganesh/research/vowel_classifier/data/nsp_vowels_dirs/eh/head27.wav
/home/ganesh/research/vowel_classifier/data/nsp_vowels_dirs/ow/hoed52.wav
/home/ganesh/research/vowel_classifier/data/nsp_vowels_dirs/uw/whod278.wav
/home/ganesh/research/vowel_classifier/data/nsp_vowels_dirs/eh/head104.wav
/home/ganesh/research/vowel_classifier/data/nsp_vowels_dirs/uw/whod6.wav
/home/ganesh/research/vowel_classifier/data/nsp_vowels_dirs/eh/head78.wav
/home/ganesh/research/vowel_classifier/data/nsp_vowels_dirs/ih/hid116.wav
/home/ganesh/research/vowel_classifier/data/nsp_vowels_dirs/uh/hood248.wav
/home/ganesh/research/vowel_classifier/data/nsp_vowels_dirs/uw/whod156.wav
/home/ganesh/research/vowel_classifier/data/nsp_vowels_dirs/ey/hayed115.wav
/home/ganesh/research/vowel_classifier/data/nsp_vowels_dirs/ey/hayed6.wav
/home/ganesh/research/vowel_classifier/data/nsp_vowels_dirs/uw/whod148.wav
/home/ganesh/research/vowel_classifier/data/nsp_vowels_dirs/uw/whod186.wav
/home/ganesh/research/vowel_classifier/data/nsp_vowels_dirs/uh/hood170.wav
/home/ganesh/research/vowel_classifier/data/nsp_vowels_dirs/uh/hood240.wav
/home/ganesh/research/vowel_classifier/data/nsp_vowels_dirs/iy/heed250.wav
/home/ganesh/research/vowel_classifier/data/nsp_vowels_dirs/ey/hayed220.wav
/home/ganesh/research/vowel_classifier/data/nsp_vowels_dirs/ey/hayed168.wav
/home/ganesh/research/vowel_classifier/data/nsp_vowels_dirs/ey/hayed204.wav
/home/ganesh/research/vowel_classifier/data/nsp_vowels_dirs/ey/hayed62.wav
/home/ganesh/research/vowel_classifier/data/nsp_vowels_dirs/iy/heed118.wav
/home/ganesh/research/vowel_classifier/data/nsp_vowels_dirs/ih/hid127.wav
/home/ganesh/research/vowel_classifier/data/nsp_vowels_dirs/ae/had275.wav
/home/ganesh/research/vowel_classifier/data/nsp_vowels_dirs/uw/whod54.wav
/home/ganesh/research/vowel_classifier/data/nsp_vowels_dirs/ow/hoed90.wav
/home/ganesh/research/vowel_classifier/data/nsp_vowels_dirs/aa/hod270.wav
/home/ganesh/research/vowel_classifier/data/nsp_vowels_dirs/ah/hudd83.wav
/home/ganesh/research/vowel_classifier/data/nsp_vowels_dirs/ow/hoed274.wav
/home/ganesh/research/vowel_classifier/data/nsp_vowels_dirs/ih/hid206.wav
/home/ganesh/research/vowel_classifier/data/nsp_vowels_dirs/ih/hid236.wav
/home/ganesh/research/vowel_classifier/data/nsp_vowels_dirs/uh/hood110.wav
/home/ganesh/research/vowel_classifier/data/nsp_vowels_dirs/ey/hayed138.wav
/home/ganesh/research/vowel_classifier/data/nsp_vowels_dirs/ih/hid257.wav
/home/ganesh/research/vowel_classifier/data/nsp_vowels_dirs/eh/head267.wav
/home/ganesh/research/vowel_classifier/data/nsp_vowels_dirs/iy/heed228.wav
/home/ganesh/research/vowel_classifier/data/nsp_vowels_dirs/ow/hoed23.wav
/home/ganesh/research/vowel_classifier/data/nsp_vowels_dirs/uw/whod90.wav
/home/ganesh/research/vowel_classifier/data/nsp_vowels_dirs/ow/hoed118.wav
/home/ganesh/research/vowel_classifier/data/nsp_vowels_dirs/ah/hudd212.wav
/home/ganesh/research/vowel_classifier/data/nsp_vowels_dirs/eh/head42.wav
/home/ganesh/research/vowel_classifier/data/nsp_vowels_dirs/eh/head118.wav
/home/ganesh/research/vowel_classifier/data/nsp_vowels_dirs/uw/whod263.wav
/home/ganesh/research/vowel_classifier/data/nsp_vowels_dirs/ae/had168.wav
/home/ganesh/research/vowel_classifier/data/nsp_vowels_dirs/ae/had84.wav
/home/ganesh/research/vowel_classifier/data/nsp_vowels_dirs/ey/hayed102.wav
/home/ganesh/research/vowel_classifier/data/nsp_vowels_dirs/aa/hod7.wav
/home/ganesh/research/vowel_classifier/data/nsp_vowels_dirs/iy/heed227.wav
/home/ganesh/research/vowel_classifier/data/nsp_vowels_dirs/iy/heed284.wav
/home/ganesh/research/vowel_classifier/data/nsp_vowels_dirs/ah/hudd98.wav
/home/ganesh/research/vowel_classifier/data/nsp_vowels_dirs/uh/hood44.wav
/home/ganesh/research/vowel_classifier/data/nsp_vowels_dirs/aa/hod133.wav
/home/ganesh/research/vowel_classifier/data/nsp_vowels_dirs/aa/hod221.wav
/home/ganesh/research/vowel_classifier/data/nsp_vowels_dirs/iy/heed105.wav
/home/ganesh/research/vowel_classifier/data/nsp_vowels_dirs/uh/hood234.wav
/home/ganesh/research/vowel_classifier/data/nsp_vowels_dirs/ey/hayed201.wav
/home/ganesh/research/vowel_classifier/data/nsp_vowels_dirs/ih/hid6.wav
/home/ganesh/research/vowel_classifier/data/nsp_vowels_dirs/ah/hudd102.wav
/home/ganesh/research/vowel_classifier/data/nsp_vowels_dirs/uw/whod185.wav
/home/ganesh/research/vowel_classifier/data/nsp_vowels_dirs/ae/had8.wav
/home/ganesh/research/vowel_classifier/data/nsp_vowels_dirs/eh/head136.wav
/home/ganesh/research/vowel_classifier/data/nsp_vowels_dirs/ow/hoed64.wav
/home/ganesh/research/vowel_classifier/data/nsp_vowels_dirs/iy/heed164.wav
/home/ganesh/research/vowel_classifier/data/nsp_vowels_dirs/uh/hood268.wav
/home/ganesh/research/vowel_classifier/data/nsp_vowels_dirs/ae/had1.wav
/home/ganesh/research/vowel_classifier/data/nsp_vowels_dirs/uw/whod39.wav
/home/ganesh/research/vowel_classifier/data/nsp_vowels_dirs/uw/whod277.wav
/home/ganesh/research/vowel_classifier/data/nsp_vowels_dirs/ae/had163.wav
/home/ganesh/research/vowel_classifier/data/nsp_vowels_dirs/ey/hayed39.wav
/home/ganesh/research/vowel_classifier/data/nsp_vowels_dirs/aa/hod45.wav
/home/ganesh/research/vowel_classifier/data/nsp_vowels_dirs/ey/hayed146.wav
/home/ganesh/research/vowel_classifier/data/nsp_vowels_dirs/iy/heed269.wav
/home/ganesh/research/vowel_classifier/data/nsp_vowels_dirs/ae/had57.wav
/home/ganesh/research/vowel_classifier/data/nsp_vowels_dirs/uw/whod134.wav
/home/ganesh/research/vowel_classifier/data/nsp_vowels_dirs/ah/hudd250.wav
/home/ganesh/research/vowel_classifier/data/nsp_vowels_dirs/aa/hod239.wav
/home/ganesh/research/vowel_classifier/data/nsp_vowels_dirs/ah/hudd283.wav
/home/ganesh/research/vowel_classifier/data/nsp_vowels_dirs/eh/head135.wav
/home/ganesh/research/vowel_classifier/data/nsp_vowels_dirs/iy/heed186.wav
/home/ganesh/research/vowel_classifier/data/nsp_vowels_dirs/iy/heed82.wav
/home/ganesh/research/vowel_classifier/data/nsp_vowels_dirs/eh/head266.wav
/home/ganesh/research/vowel_classifier/data/nsp_vowels_dirs/ow/hoed202.wav
/home/ganesh/research/vowel_classifier/data/nsp_vowels_dirs/ih/hid224.wav
/home/ganesh/research/vowel_classifier/data/nsp_vowels_dirs/ae/had161.wav
/home/ganesh/research/vowel_classifier/data/nsp_vowels_dirs/uw/whod138.wav
/home/ganesh/research/vowel_classifier/data/nsp_vowels_dirs/eh/head112.wav
/home/ganesh/research/vowel_classifier/data/nsp_vowels_dirs/aa/hod197.wav
/home/ganesh/research/vowel_classifier/data/nsp_vowels_dirs/eh/head126.wav
/home/ganesh/research/vowel_classifier/data/nsp_vowels_dirs/iy/heed195.wav
/home/ganesh/research/vowel_classifier/data/nsp_vowels_dirs/iy/heed288.wav
/home/ganesh/research/vowel_classifier/data/nsp_vowels_dirs/ae/had232.wav
/home/ganesh/research/vowel_classifier/data/nsp_vowels_dirs/aa/hod130.wav
/home/ganesh/research/vowel_classifier/data/nsp_vowels_dirs/uh/hood287.wav
/home/ganesh/research/vowel_classifier/data/nsp_vowels_dirs/iy/heed11.wav
/home/ganesh/research/vowel_classifier/data/nsp_vowels_dirs/uh/hood61.wav
/home/ganesh/research/vowel_classifier/data/nsp_vowels_dirs/eh/head264.wav
/home/ganesh/research/vowel_classifier/data/nsp_vowels_dirs/iy/heed205.wav
/home/ganesh/research/vowel_classifier/data/nsp_vowels_dirs/ey/hayed205.wav
/home/ganesh/research/vowel_classifier/data/nsp_vowels_dirs/iy/heed86.wav
/home/ganesh/research/vowel_classifier/data/nsp_vowels_dirs/eh/head185.wav
/home/ganesh/research/vowel_classifier/data/nsp_vowels_dirs/ah/hudd87.wav
/home/ganesh/research/vowel_classifier/data/nsp_vowels_dirs/aa/hod192.wav
/home/ganesh/research/vowel_classifier/data/nsp_vowels_dirs/ey/hayed45.wav
/home/ganesh/research/vowel_classifier/data/nsp_vowels_dirs/ae/had6.wav
/home/ganesh/research/vowel_classifier/data/nsp_vowels_dirs/ow/hoed33.wav
/home/ganesh/research/vowel_classifier/data/nsp_vowels_dirs/uw/whod38.wav
/home/ganesh/research/vowel_classifier/data/nsp_vowels_dirs/uw/whod261.wav
/home/ganesh/research/vowel_classifier/data/nsp_vowels_dirs/ae/had95.wav
/home/ganesh/research/vowel_classifier/data/nsp_vowels_dirs/ih/hid27.wav
/home/ganesh/research/vowel_classifier/data/nsp_vowels_dirs/ah/hudd297.wav
/home/ganesh/research/vowel_classifier/data/nsp_vowels_dirs/ih/hid44.wav
/home/ganesh/research/vowel_classifier/data/nsp_vowels_dirs/uh/hood160.wav
/home/ganesh/research/vowel_classifier/data/nsp_vowels_dirs/ih/hid147.wav
/home/ganesh/research/vowel_classifier/data/nsp_vowels_dirs/aa/hod238.wav
/home/ganesh/research/vowel_classifier/data/nsp_vowels_dirs/ih/hid196.wav
/home/ganesh/research/vowel_classifier/data/nsp_vowels_dirs/uw/whod226.wav
/home/ganesh/research/vowel_classifier/data/nsp_vowels_dirs/aa/hod146.wav
/home/ganesh/research/vowel_classifier/data/nsp_vowels_dirs/aa/hod216.wav
/home/ganesh/research/vowel_classifier/data/nsp_vowels_dirs/uw/whod97.wav
/home/ganesh/research/vowel_classifier/data/nsp_vowels_dirs/ey/hayed157.wav
/home/ganesh/research/vowel_classifier/data/nsp_vowels_dirs/ae/had67.wav
/home/ganesh/research/vowel_classifier/data/nsp_vowels_dirs/eh/head123.wav
/home/ganesh/research/vowel_classifier/data/nsp_vowels_dirs/ow/hoed280.wav
/home/ganesh/research/vowel_classifier/data/nsp_vowels_dirs/ow/hoed254.wav
/home/ganesh/research/vowel_classifier/data/nsp_vowels_dirs/iy/heed99.wav
/home/ganesh/research/vowel_classifier/data/nsp_vowels_dirs/ih/hid249.wav
/home/ganesh/research/vowel_classifier/data/nsp_vowels_dirs/ow/hoed218.wav
/home/ganesh/research/vowel_classifier/data/nsp_vowels_dirs/eh/head111.wav
/home/ganesh/research/vowel_classifier/data/nsp_vowels_dirs/aa/hod35.wav
/home/ganesh/research/vowel_classifier/data/nsp_vowels_dirs/ih/hid212.wav
/home/ganesh/research/vowel_classifier/data/nsp_vowels_dirs/ow/hoed119.wav
/home/ganesh/research/vowel_classifier/data/nsp_vowels_dirs/ih/hid101.wav
/home/ganesh/research/vowel_classifier/data/nsp_vowels_dirs/ey/hayed299.wav
/home/ganesh/research/vowel_classifier/data/nsp_vowels_dirs/uw/whod10.wav
/home/ganesh/research/vowel_classifier/data/nsp_vowels_dirs/ey/hayed190.wav
/home/ganesh/research/vowel_classifier/data/nsp_vowels_dirs/ae/had25.wav
/home/ganesh/research/vowel_classifier/data/nsp_vowels_dirs/aa/hod48.wav
/home/ganesh/research/vowel_classifier/data/nsp_vowels_dirs/ey/hayed155.wav
/home/ganesh/research/vowel_classifier/data/nsp_vowels_dirs/ih/hid18.wav
/home/ganesh/research/vowel_classifier/data/nsp_vowels_dirs/uh/hood138.wav
/home/ganesh/research/vowel_classifier/data/nsp_vowels_dirs/ae/had230.wav
/home/ganesh/research/vowel_classifier/data/nsp_vowels_dirs/uw/whod104.wav
/home/ganesh/research/vowel_classifier/data/nsp_vowels_dirs/ey/hayed143.wav
/home/ganesh/research/vowel_classifier/data/nsp_vowels_dirs/uw/whod132.wav
/home/ganesh/research/vowel_classifier/data/nsp_vowels_dirs/iy/heed223.wav
/home/ganesh/research/vowel_classifier/data/nsp_vowels_dirs/ey/hayed114.wav
/home/ganesh/research/vowel_classifier/data/nsp_vowels_dirs/aa/hod259.wav
/home/ganesh/research/vowel_classifier/data/nsp_vowels_dirs/aa/hod58.wav
/home/ganesh/research/vowel_classifier/data/nsp_vowels_dirs/aa/hod183.wav
/home/ganesh/research/vowel_classifier/data/nsp_vowels_dirs/uh/hood297.wav
/home/ganesh/research/vowel_classifier/data/nsp_vowels_dirs/uh/hood132.wav
/home/ganesh/research/vowel_classifier/data/nsp_vowels_dirs/aa/hod246.wav
/home/ganesh/research/vowel_classifier/data/nsp_vowels_dirs/ah/hudd185.wav
/home/ganesh/research/vowel_classifier/data/nsp_vowels_dirs/ae/had29.wav
/home/ganesh/research/vowel_classifier/data/nsp_vowels_dirs/uh/hood242.wav
/home/ganesh/research/vowel_classifier/data/nsp_vowels_dirs/uw/whod40.wav
/home/ganesh/research/vowel_classifier/data/nsp_vowels_dirs/ey/hayed238.wav
/home/ganesh/research/vowel_classifier/data/nsp_vowels_dirs/uw/whod89.wav
/home/ganesh/research/vowel_classifier/data/nsp_vowels_dirs/ey/hayed100.wav
/home/ganesh/research/vowel_classifier/data/nsp_vowels_dirs/ih/hid202.wav
/home/ganesh/research/vowel_classifier/data/nsp_vowels_dirs/eh/head194.wav
/home/ganesh/research/vowel_classifier/data/nsp_vowels_dirs/eh/head39.wav
/home/ganesh/research/vowel_classifier/data/nsp_vowels_dirs/ey/hayed167.wav
/home/ganesh/research/vowel_classifier/data/nsp_vowels_dirs/ae/had70.wav
/home/ganesh/research/vowel_classifier/data/nsp_vowels_dirs/ey/hayed272.wav
/home/ganesh/research/vowel_classifier/data/nsp_vowels_dirs/ih/hid153.wav
/home/ganesh/research/vowel_classifier/data/nsp_vowels_dirs/ih/hid266.wav
/home/ganesh/research/vowel_classifier/data/nsp_vowels_dirs/iy/heed299.wav
/home/ganesh/research/vowel_classifier/data/nsp_vowels_dirs/uh/hood92.wav
/home/ganesh/research/vowel_classifier/data/nsp_vowels_dirs/ih/hid50.wav
/home/ganesh/research/vowel_classifier/data/nsp_vowels_dirs/iy/heed190.wav
/home/ganesh/research/vowel_classifier/data/nsp_vowels_dirs/ih/hid179.wav
/home/ganesh/research/vowel_classifier/data/nsp_vowels_dirs/ey/hayed139.wav
/home/ganesh/research/vowel_classifier/data/nsp_vowels_dirs/uh/hood199.wav
/home/ganesh/research/vowel_classifier/data/nsp_vowels_dirs/uw/whod179.wav
/home/ganesh/research/vowel_classifier/data/nsp_vowels_dirs/uh/hood211.wav
/home/ganesh/research/vowel_classifier/data/nsp_vowels_dirs/ow/hoed126.wav
/home/ganesh/research/vowel_classifier/data/nsp_vowels_dirs/aa/hod288.wav
/home/ganesh/research/vowel_classifier/data/nsp_vowels_dirs/ih/hid160.wav
/home/ganesh/research/vowel_classifier/data/nsp_vowels_dirs/iy/heed75.wav
/home/ganesh/research/vowel_classifier/data/nsp_vowels_dirs/ae/had198.wav
/home/ganesh/research/vowel_classifier/data/nsp_vowels_dirs/aa/hod199.wav
/home/ganesh/research/vowel_classifier/data/nsp_vowels_dirs/ah/hudd89.wav
/home/ganesh/research/vowel_classifier/data/nsp_vowels_dirs/ah/hudd136.wav
/home/ganesh/research/vowel_classifier/data/nsp_vowels_dirs/ah/hudd242.wav
/home/ganesh/research/vowel_classifier/data/nsp_vowels_dirs/uh/hood31.wav
/home/ganesh/research/vowel_classifier/data/nsp_vowels_dirs/ey/hayed144.wav
/home/ganesh/research/vowel_classifier/data/nsp_vowels_dirs/aa/hod229.wav
/home/ganesh/research/vowel_classifier/data/nsp_vowels_dirs/eh/head59.wav
/home/ganesh/research/vowel_classifier/data/nsp_vowels_dirs/ey/hayed281.wav
/home/ganesh/research/vowel_classifier/data/nsp_vowels_dirs/ow/hoed30.wav
/home/ganesh/research/vowel_classifier/data/nsp_vowels_dirs/iy/heed29.wav
/home/ganesh/research/vowel_classifier/data/nsp_vowels_dirs/ow/hoed98.wav
/home/ganesh/research/vowel_classifier/data/nsp_vowels_dirs/ah/hudd1.wav
/home/ganesh/research/vowel_classifier/data/nsp_vowels_dirs/uw/whod217.wav
/home/ganesh/research/vowel_classifier/data/nsp_vowels_dirs/uw/whod202.wav
/home/ganesh/research/vowel_classifier/data/nsp_vowels_dirs/uh/hood272.wav
/home/ganesh/research/vowel_classifier/data/nsp_vowels_dirs/ow/hoed81.wav
/home/ganesh/research/vowel_classifier/data/nsp_vowels_dirs/ow/hoed152.wav
/home/ganesh/research/vowel_classifier/data/nsp_vowels_dirs/ah/hudd154.wav
/home/ganesh/research/vowel_classifier/data/nsp_vowels_dirs/ah/hudd32.wav
/home/ganesh/research/vowel_classifier/data/nsp_vowels_dirs/uh/hood256.wav
/home/ganesh/research/vowel_classifier/data/nsp_vowels_dirs/aa/hod186.wav
/home/ganesh/research/vowel_classifier/data/nsp_vowels_dirs/eh/head210.wav
/home/ganesh/research/vowel_classifier/data/nsp_vowels_dirs/uh/hood257.wav
/home/ganesh/research/vowel_classifier/data/nsp_vowels_dirs/ey/hayed135.wav
/home/ganesh/research/vowel_classifier/data/nsp_vowels_dirs/ey/hayed77.wav
/home/ganesh/research/vowel_classifier/data/nsp_vowels_dirs/iy/heed285.wav
/home/ganesh/research/vowel_classifier/data/nsp_vowels_dirs/ow/hoed142.wav
/home/ganesh/research/vowel_classifier/data/nsp_vowels_dirs/ae/had60.wav
/home/ganesh/research/vowel_classifier/data/nsp_vowels_dirs/ae/had89.wav
/home/ganesh/research/vowel_classifier/data/nsp_vowels_dirs/uh/hood78.wav
/home/ganesh/research/vowel_classifier/data/nsp_vowels_dirs/iy/heed270.wav
/home/ganesh/research/vowel_classifier/data/nsp_vowels_dirs/uw/whod27.wav
/home/ganesh/research/vowel_classifier/data/nsp_vowels_dirs/uw/whod120.wav
/home/ganesh/research/vowel_classifier/data/nsp_vowels_dirs/uw/whod125.wav
/home/ganesh/research/vowel_classifier/data/nsp_vowels_dirs/uw/whod74.wav
/home/ganesh/research/vowel_classifier/data/nsp_vowels_dirs/ey/hayed223.wav
/home/ganesh/research/vowel_classifier/data/nsp_vowels_dirs/aa/hod200.wav
/home/ganesh/research/vowel_classifier/data/nsp_vowels_dirs/uh/hood38.wav
/home/ganesh/research/vowel_classifier/data/nsp_vowels_dirs/eh/head181.wav
/home/ganesh/research/vowel_classifier/data/nsp_vowels_dirs/uh/hood47.wav
/home/ganesh/research/vowel_classifier/data/nsp_vowels_dirs/ah/hudd101.wav
/home/ganesh/research/vowel_classifier/data/nsp_vowels_dirs/ey/hayed244.wav
/home/ganesh/research/vowel_classifier/data/nsp_vowels_dirs/ey/hayed166.wav
/home/ganesh/research/vowel_classifier/data/nsp_vowels_dirs/ae/had28.wav
/home/ganesh/research/vowel_classifier/data/nsp_vowels_dirs/aa/hod49.wav
/home/ganesh/research/vowel_classifier/data/nsp_vowels_dirs/ae/had143.wav
/home/ganesh/research/vowel_classifier/data/nsp_vowels_dirs/ah/hudd296.wav
/home/ganesh/research/vowel_classifier/data/nsp_vowels_dirs/ae/had13.wav
/home/ganesh/research/vowel_classifier/data/nsp_vowels_dirs/eh/head216.wav
/home/ganesh/research/vowel_classifier/data/nsp_vowels_dirs/ae/had234.wav
/home/ganesh/research/vowel_classifier/data/nsp_vowels_dirs/ow/hoed35.wav
/home/ganesh/research/vowel_classifier/data/nsp_vowels_dirs/ae/had50.wav
/home/ganesh/research/vowel_classifier/data/nsp_vowels_dirs/ow/hoed97.wav
/home/ganesh/research/vowel_classifier/data/nsp_vowels_dirs/uh/hood245.wav
/home/ganesh/research/vowel_classifier/data/nsp_vowels_dirs/ae/had116.wav
/home/ganesh/research/vowel_classifier/data/nsp_vowels_dirs/ah/hudd53.wav
/home/ganesh/research/vowel_classifier/data/nsp_vowels_dirs/eh/head207.wav
/home/ganesh/research/vowel_classifier/data/nsp_vowels_dirs/eh/head24.wav
/home/ganesh/research/vowel_classifier/data/nsp_vowels_dirs/uh/hood230.wav
/home/ganesh/research/vowel_classifier/data/nsp_vowels_dirs/ih/hid7.wav
/home/ganesh/research/vowel_classifier/data/nsp_vowels_dirs/ey/hayed260.wav
/home/ganesh/research/vowel_classifier/data/nsp_vowels_dirs/aa/hod47.wav
/home/ganesh/research/vowel_classifier/data/nsp_vowels_dirs/ae/had18.wav
/home/ganesh/research/vowel_classifier/data/nsp_vowels_dirs/ih/hid142.wav
/home/ganesh/research/vowel_classifier/data/nsp_vowels_dirs/eh/head96.wav
/home/ganesh/research/vowel_classifier/data/nsp_vowels_dirs/aa/hod158.wav
/home/ganesh/research/vowel_classifier/data/nsp_vowels_dirs/uw/whod113.wav
/home/ganesh/research/vowel_classifier/data/nsp_vowels_dirs/ah/hudd151.wav
/home/ganesh/research/vowel_classifier/data/nsp_vowels_dirs/ih/hid181.wav
/home/ganesh/research/vowel_classifier/data/nsp_vowels_dirs/eh/head227.wav
/home/ganesh/research/vowel_classifier/data/nsp_vowels_dirs/iy/heed175.wav
