/home/ganesh/research/vowel_classifier/data/nsp_vowels_dirs/ih/hid176.wav
/home/ganesh/research/vowel_classifier/data/nsp_vowels_dirs/aa/hod267.wav
/home/ganesh/research/vowel_classifier/data/nsp_vowels_dirs/ey/hayed172.wav
/home/ganesh/research/vowel_classifier/data/nsp_vowels_dirs/ey/hayed59.wav
/home/ganesh/research/vowel_classifier/data/nsp_vowels_dirs/iy/heed248.wav
/home/ganesh/research/vowel_classifier/data/nsp_vowels_dirs/ow/hoed26.wav
/home/ganesh/research/vowel_classifier/data/nsp_vowels_dirs/ih/hid38.wav
/home/ganesh/research/vowel_classifier/data/nsp_vowels_dirs/ow/hoed265.wav
/home/ganesh/research/vowel_classifier/data/nsp_vowels_dirs/ow/hoed165.wav
/home/ganesh/research/vowel_classifier/data/nsp_vowels_dirs/aa/hod271.wav
/home/ganesh/research/vowel_classifier/data/nsp_vowels_dirs/ey/hayed175.wav
/home/ganesh/research/vowel_classifier/data/nsp_vowels_dirs/eh/head247.wav
/home/ganesh/research/vowel_classifier/data/nsp_vowels_dirs/iy/heed127.wav
/home/ganesh/research/vowel_classifier/data/nsp_vowels_dirs/uh/hood233.wav
/home/ganesh/research/vowel_classifier/data/nsp_vowels_dirs/iy/heed149.wav
/home/ganesh/research/vowel_classifier/data/nsp_vowels_dirs/uw/whod231.wav
/home/ganesh/research/vowel_classifier/data/nsp_vowels_dirs/aa/hod129.wav
/home/ganesh/research/vowel_classifier/data/nsp_vowels_dirs/eh/head192.wav
/home/ganesh/research/vowel_classifier/data/nsp_vowels_dirs/iy/heed161.wav
/home/ganesh/research/vowel_classifier/data/nsp_vowels_dirs/uw/whod216.wav
/home/ganesh/research/vowel_classifier/data/nsp_vowels_dirs/iy/heed7.wav
/home/ganesh/research/vowel_classifier/data/nsp_vowels_dirs/eh/head256.wav
/home/ganesh/research/vowel_classifier/data/nsp_vowels_dirs/ey/hayed145.wav
/home/ganesh/research/vowel_classifier/data/nsp_vowels_dirs/ih/hid258.wav
/home/ganesh/research/vowel_classifier/data/nsp_vowels_dirs/ah/hudd201.wav
/home/ganesh/research/vowel_classifier/data/nsp_vowels_dirs/iy/heed49.wav
/home/ganesh/research/vowel_classifier/data/nsp_vowels_dirs/iy/heed225.wav
/home/ganesh/research/vowel_classifier/data/nsp_vowels_dirs/aa/hod173.wav
/home/ganesh/research/vowel_classifier/data/nsp_vowels_dirs/uw/whod199.wav
/home/ganesh/research/vowel_classifier/data/nsp_vowels_dirs/uh/hood93.wav
/home/ganesh/research/vowel_classifier/data/nsp_vowels_dirs/ae/had100.wav
/home/ganesh/research/vowel_classifier/data/nsp_vowels_dirs/ih/hid11.wav
/home/ganesh/research/vowel_classifier/data/nsp_vowels_dirs/ow/hoed25.wav
/home/ganesh/research/vowel_classifier/data/nsp_vowels_dirs/aa/hod235.wav
/home/ganesh/research/vowel_classifier/data/nsp_vowels_dirs/ah/hudd49.wav
/home/ganesh/research/vowel_classifier/data/nsp_vowels_dirs/ae/had16.wav
/home/ganesh/research/vowel_classifier/data/nsp_vowels_dirs/iy/heed102.wav
/home/ganesh/research/vowel_classifier/data/nsp_vowels_dirs/iy/heed197.wav
/home/ganesh/research/vowel_classifier/data/nsp_vowels_dirs/aa/hod198.wav
/home/ganesh/research/vowel_classifier/data/nsp_vowels_dirs/uh/hood244.wav
/home/ganesh/research/vowel_classifier/data/nsp_vowels_dirs/ae/had40.wav
/home/ganesh/research/vowel_classifier/data/nsp_vowels_dirs/ow/hoed177.wav
/home/ganesh/research/vowel_classifier/data/nsp_vowels_dirs/eh/head179.wav
/home/ganesh/research/vowel_classifier/data/nsp_vowels_dirs/ey/hayed19.wav
/home/ganesh/research/vowel_classifier/data/nsp_vowels_dirs/uh/hood300.wav
/home/ganesh/research/vowel_classifier/data/nsp_vowels_dirs/ow/hoed37.wav
/home/ganesh/research/vowel_classifier/data/nsp_vowels_dirs/iy/heed237.wav
/home/ganesh/research/vowel_classifier/data/nsp_vowels_dirs/ae/had266.wav
/home/ganesh/research/vowel_classifier/data/nsp_vowels_dirs/iy/heed38.wav
/home/ganesh/research/vowel_classifier/data/nsp_vowels_dirs/ey/hayed10.wav
/home/ganesh/research/vowel_classifier/data/nsp_vowels_dirs/ae/had249.wav
/home/ganesh/research/vowel_classifier/data/nsp_vowels_dirs/ih/hid171.wav
/home/ganesh/research/vowel_classifier/data/nsp_vowels_dirs/ae/had300.wav
/home/ganesh/research/vowel_classifier/data/nsp_vowels_dirs/uh/hood216.wav
/home/ganesh/research/vowel_classifier/data/nsp_vowels_dirs/ih/hid251.wav
/home/ganesh/research/vowel_classifier/data/nsp_vowels_dirs/aa/hod165.wav
/home/ganesh/research/vowel_classifier/data/nsp_vowels_dirs/uh/hood145.wav
/home/ganesh/research/vowel_classifier/data/nsp_vowels_dirs/ah/hudd222.wav
/home/ganesh/research/vowel_classifier/data/nsp_vowels_dirs/iy/heed221.wav
/home/ganesh/research/vowel_classifier/data/nsp_vowels_dirs/uw/whod52.wav
/home/ganesh/research/vowel_classifier/data/nsp_vowels_dirs/ow/hoed42.wav
/home/ganesh/research/vowel_classifier/data/nsp_vowels_dirs/ae/had82.wav
/home/ganesh/research/vowel_classifier/data/nsp_vowels_dirs/ae/had208.wav
/home/ganesh/research/vowel_classifier/data/nsp_vowels_dirs/ey/hayed210.wav
/home/ganesh/research/vowel_classifier/data/nsp_vowels_dirs/uh/hood159.wav
/home/ganesh/research/vowel_classifier/data/nsp_vowels_dirs/ae/had277.wav
/home/ganesh/research/vowel_classifier/data/nsp_vowels_dirs/eh/head279.wav
/home/ganesh/research/vowel_classifier/data/nsp_vowels_dirs/ow/hoed225.wav
/home/ganesh/research/vowel_classifier/data/nsp_vowels_dirs/uh/hood206.wav
/home/ganesh/research/vowel_classifier/data/nsp_vowels_dirs/ae/had199.wav
/home/ganesh/research/vowel_classifier/data/nsp_vowels_dirs/uh/hood214.wav
/home/ganesh/research/vowel_classifier/data/nsp_vowels_dirs/aa/hod105.wav
/home/ganesh/research/vowel_classifier/data/nsp_vowels_dirs/iy/heed58.wav
/home/ganesh/research/vowel_classifier/data/nsp_vowels_dirs/uw/whod18.wav
/home/ganesh/research/vowel_classifier/data/nsp_vowels_dirs/ih/hid207.wav
/home/ganesh/research/vowel_classifier/data/nsp_vowels_dirs/ow/hoed266.wav
/home/ganesh/research/vowel_classifier/data/nsp_vowels_dirs/ah/hudd56.wav
/home/ganesh/research/vowel_classifier/data/nsp_vowels_dirs/uh/hood85.wav
/home/ganesh/research/vowel_classifier/data/nsp_vowels_dirs/aa/hod214.wav
/home/ganesh/research/vowel_classifier/data/nsp_vowels_dirs/uw/whod22.wav
/home/ganesh/research/vowel_classifier/data/nsp_vowels_dirs/aa/hod109.wav
/home/ganesh/research/vowel_classifier/data/nsp_vowels_dirs/aa/hod274.wav
/home/ganesh/research/vowel_classifier/data/nsp_vowels_dirs/aa/hod248.wav
/home/ganesh/research/vowel_classifier/data/nsp_vowels_dirs/ey/hayed174.wav
/home/ganesh/research/vowel_classifier/data/nsp_vowels_dirs/uw/whod4.wav
/home/ganesh/research/vowel_classifier/data/nsp_vowels_dirs/uw/whod184.wav
/home/ganesh/research/vowel_classifier/data/nsp_vowels_dirs/uw/whod146.wav
/home/ganesh/research/vowel_classifier/data/nsp_vowels_dirs/ow/hoed149.wav
/home/ganesh/research/vowel_classifier/data/nsp_vowels_dirs/ey/hayed18.wav
/home/ganesh/research/vowel_classifier/data/nsp_vowels_dirs/uw/whod142.wav
/home/ganesh/research/vowel_classifier/data/nsp_vowels_dirs/eh/head69.wav
/home/ganesh/research/vowel_classifier/data/nsp_vowels_dirs/ow/hoed60.wav
/home/ganesh/research/vowel_classifier/data/nsp_vowels_dirs/eh/head237.wav
/home/ganesh/research/vowel_classifier/data/nsp_vowels_dirs/iy/heed133.wav
/home/ganesh/research/vowel_classifier/data/nsp_vowels_dirs/uw/whod230.wav
/home/ganesh/research/vowel_classifier/data/nsp_vowels_dirs/uh/hood183.wav
/home/ganesh/research/vowel_classifier/data/nsp_vowels_dirs/ae/had64.wav
/home/ganesh/research/vowel_classifier/data/nsp_vowels_dirs/aa/hod243.wav
/home/ganesh/research/vowel_classifier/data/nsp_vowels_dirs/ey/hayed251.wav
/home/ganesh/research/vowel_classifier/data/nsp_vowels_dirs/ow/hoed187.wav
/home/ganesh/research/vowel_classifier/data/nsp_vowels_dirs/uh/hood53.wav
/home/ganesh/research/vowel_classifier/data/nsp_vowels_dirs/ey/hayed280.wav
/home/ganesh/research/vowel_classifier/data/nsp_vowels_dirs/ey/hayed68.wav
/home/ganesh/research/vowel_classifier/data/nsp_vowels_dirs/uw/whod121.wav
/home/ganesh/research/vowel_classifier/data/nsp_vowels_dirs/iy/heed147.wav
/home/ganesh/research/vowel_classifier/data/nsp_vowels_dirs/ah/hudd190.wav
/home/ganesh/research/vowel_classifier/data/nsp_vowels_dirs/uh/hood12.wav
/home/ganesh/research/vowel_classifier/data/nsp_vowels_dirs/ih/hid78.wav
/home/ganesh/research/vowel_classifier/data/nsp_vowels_dirs/aa/hod155.wav
/home/ganesh/research/vowel_classifier/data/nsp_vowels_dirs/iy/heed146.wav
/home/ganesh/research/vowel_classifier/data/nsp_vowels_dirs/ow/hoed85.wav
/home/ganesh/research/vowel_classifier/data/nsp_vowels_dirs/eh/head241.wav
/home/ganesh/research/vowel_classifier/data/nsp_vowels_dirs/eh/head7.wav
/home/ganesh/research/vowel_classifier/data/nsp_vowels_dirs/ae/had221.wav
/home/ganesh/research/vowel_classifier/data/nsp_vowels_dirs/ah/hudd55.wav
/home/ganesh/research/vowel_classifier/data/nsp_vowels_dirs/aa/hod18.wav
/home/ganesh/research/vowel_classifier/data/nsp_vowels_dirs/ih/hid65.wav
/home/ganesh/research/vowel_classifier/data/nsp_vowels_dirs/ae/had93.wav
/home/ganesh/research/vowel_classifier/data/nsp_vowels_dirs/ah/hudd156.wav
/home/ganesh/research/vowel_classifier/data/nsp_vowels_dirs/ah/hudd126.wav
/home/ganesh/research/vowel_classifier/data/nsp_vowels_dirs/eh/head232.wav
/home/ganesh/research/vowel_classifier/data/nsp_vowels_dirs/eh/head167.wav
/home/ganesh/research/vowel_classifier/data/nsp_vowels_dirs/iy/heed178.wav
/home/ganesh/research/vowel_classifier/data/nsp_vowels_dirs/ih/hid102.wav
/home/ganesh/research/vowel_classifier/data/nsp_vowels_dirs/aa/hod208.wav
/home/ganesh/research/vowel_classifier/data/nsp_vowels_dirs/aa/hod76.wav
/home/ganesh/research/vowel_classifier/data/nsp_vowels_dirs/ey/hayed125.wav
/home/ganesh/research/vowel_classifier/data/nsp_vowels_dirs/aa/hod205.wav
/home/ganesh/research/vowel_classifier/data/nsp_vowels_dirs/ah/hudd169.wav
/home/ganesh/research/vowel_classifier/data/nsp_vowels_dirs/iy/heed121.wav
/home/ganesh/research/vowel_classifier/data/nsp_vowels_dirs/eh/head297.wav
/home/ganesh/research/vowel_classifier/data/nsp_vowels_dirs/eh/head60.wav
/home/ganesh/research/vowel_classifier/data/nsp_vowels_dirs/iy/heed251.wav
/home/ganesh/research/vowel_classifier/data/nsp_vowels_dirs/uw/whod237.wav
/home/ganesh/research/vowel_classifier/data/nsp_vowels_dirs/iy/heed242.wav
/home/ganesh/research/vowel_classifier/data/nsp_vowels_dirs/ih/hid88.wav
/home/ganesh/research/vowel_classifier/data/nsp_vowels_dirs/ae/had46.wav
/home/ganesh/research/vowel_classifier/data/nsp_vowels_dirs/aa/hod257.wav
/home/ganesh/research/vowel_classifier/data/nsp_vowels_dirs/eh/head32.wav
/home/ganesh/research/vowel_classifier/data/nsp_vowels_dirs/ae/had104.wav
/home/ganesh/research/vowel_classifier/data/nsp_vowels_dirs/ey/hayed228.wav
/home/ganesh/research/vowel_classifier/data/nsp_vowels_dirs/ow/hoed240.wav
/home/ganesh/research/vowel_classifier/data/nsp_vowels_dirs/ae/had140.wav
/home/ganesh/research/vowel_classifier/data/nsp_vowels_dirs/iy/heed43.wav
/home/ganesh/research/vowel_classifier/data/nsp_vowels_dirs/ih/hid267.wav
/home/ganesh/research/vowel_classifier/data/nsp_vowels_dirs/uh/hood1.wav
/home/ganesh/research/vowel_classifier/data/nsp_vowels_dirs/eh/head57.wav
/home/ganesh/research/vowel_classifier/data/nsp_vowels_dirs/ow/hoed70.wav
/home/ganesh/research/vowel_classifier/data/nsp_vowels_dirs/aa/hod225.wav
/home/ganesh/research/vowel_classifier/data/nsp_vowels_dirs/ow/hoed72.wav
/home/ganesh/research/vowel_classifier/data/nsp_vowels_dirs/ae/had111.wav
/home/ganesh/research/vowel_classifier/data/nsp_vowels_dirs/ah/hudd298.wav
/home/ganesh/research/vowel_classifier/data/nsp_vowels_dirs/iy/heed41.wav
/home/ganesh/research/vowel_classifier/data/nsp_vowels_dirs/eh/head277.wav
/home/ganesh/research/vowel_classifier/data/nsp_vowels_dirs/ae/had138.wav
/home/ganesh/research/vowel_classifier/data/nsp_vowels_dirs/aa/hod252.wav
/home/ganesh/research/vowel_classifier/data/nsp_vowels_dirs/ow/hoed48.wav
/home/ganesh/research/vowel_classifier/data/nsp_vowels_dirs/ow/hoed132.wav
/home/ganesh/research/vowel_classifier/data/nsp_vowels_dirs/uh/hood105.wav
/home/ganesh/research/vowel_classifier/data/nsp_vowels_dirs/ih/hid92.wav
/home/ganesh/research/vowel_classifier/data/nsp_vowels_dirs/iy/heed172.wav
/home/ganesh/research/vowel_classifier/data/nsp_vowels_dirs/ah/hudd13.wav
/home/ganesh/research/vowel_classifier/data/nsp_vowels_dirs/ey/hayed225.wav
/home/ganesh/research/vowel_classifier/data/nsp_vowels_dirs/aa/hod51.wav
/home/ganesh/research/vowel_classifier/data/nsp_vowels_dirs/uw/whod200.wav
/home/ganesh/research/vowel_classifier/data/nsp_vowels_dirs/aa/hod71.wav
/home/ganesh/research/vowel_classifier/data/nsp_vowels_dirs/ae/had287.wav
/home/ganesh/research/vowel_classifier/data/nsp_vowels_dirs/ey/hayed8.wav
/home/ganesh/research/vowel_classifier/data/nsp_vowels_dirs/uw/whod145.wav
/home/ganesh/research/vowel_classifier/data/nsp_vowels_dirs/aa/hod247.wav
/home/ganesh/research/vowel_classifier/data/nsp_vowels_dirs/ah/hudd183.wav
/home/ganesh/research/vowel_classifier/data/nsp_vowels_dirs/ih/hid273.wav
/home/ganesh/research/vowel_classifier/data/nsp_vowels_dirs/ah/hudd74.wav
/home/ganesh/research/vowel_classifier/data/nsp_vowels_dirs/ih/hid180.wav
/home/ganesh/research/vowel_classifier/data/nsp_vowels_dirs/ow/hoed160.wav
/home/ganesh/research/vowel_classifier/data/nsp_vowels_dirs/eh/head134.wav
/home/ganesh/research/vowel_classifier/data/nsp_vowels_dirs/ah/hudd292.wav
/home/ganesh/research/vowel_classifier/data/nsp_vowels_dirs/uw/whod160.wav
/home/ganesh/research/vowel_classifier/data/nsp_vowels_dirs/iy/heed131.wav
/home/ganesh/research/vowel_classifier/data/nsp_vowels_dirs/ey/hayed67.wav
/home/ganesh/research/vowel_classifier/data/nsp_vowels_dirs/uw/whod281.wav
/home/ganesh/research/vowel_classifier/data/nsp_vowels_dirs/ey/hayed195.wav
/home/ganesh/research/vowel_classifier/data/nsp_vowels_dirs/ae/had117.wav
/home/ganesh/research/vowel_classifier/data/nsp_vowels_dirs/aa/hod91.wav
/home/ganesh/research/vowel_classifier/data/nsp_vowels_dirs/ah/hudd282.wav
/home/ganesh/research/vowel_classifier/data/nsp_vowels_dirs/iy/heed171.wav
/home/ganesh/research/vowel_classifier/data/nsp_vowels_dirs/ow/hoed79.wav
/home/ganesh/research/vowel_classifier/data/nsp_vowels_dirs/ah/hudd199.wav
/home/ganesh/research/vowel_classifier/data/nsp_vowels_dirs/ah/hudd21.wav
/home/ganesh/research/vowel_classifier/data/nsp_vowels_dirs/iy/heed134.wav
/home/ganesh/research/vowel_classifier/data/nsp_vowels_dirs/iy/heed152.wav
/home/ganesh/research/vowel_classifier/data/nsp_vowels_dirs/ih/hid73.wav
/home/ganesh/research/vowel_classifier/data/nsp_vowels_dirs/ey/hayed140.wav
/home/ganesh/research/vowel_classifier/data/nsp_vowels_dirs/iy/heed233.wav
/home/ganesh/research/vowel_classifier/data/nsp_vowels_dirs/ae/had45.wav
/home/ganesh/research/vowel_classifier/data/nsp_vowels_dirs/eh/head63.wav
/home/ganesh/research/vowel_classifier/data/nsp_vowels_dirs/iy/heed211.wav
/home/ganesh/research/vowel_classifier/data/nsp_vowels_dirs/ow/hoed245.wav
/home/ganesh/research/vowel_classifier/data/nsp_vowels_dirs/ow/hoed288.wav
/home/ganesh/research/vowel_classifier/data/nsp_vowels_dirs/ow/hoed45.wav
/home/ganesh/research/vowel_classifier/data/nsp_vowels_dirs/ih/hid40.wav
/home/ganesh/research/vowel_classifier/data/nsp_vowels_dirs/uh/hood209.wav
/home/ganesh/research/vowel_classifier/data/nsp_vowels_dirs/uh/hood293.wav
/home/ganesh/research/vowel_classifier/data/nsp_vowels_dirs/ih/hid85.wav
/home/ganesh/research/vowel_classifier/data/nsp_vowels_dirs/ih/hid276.wav
/home/ganesh/research/vowel_classifier/data/nsp_vowels_dirs/ow/hoed262.wav
/home/ganesh/research/vowel_classifier/data/nsp_vowels_dirs/iy/heed176.wav
/home/ganesh/research/vowel_classifier/data/nsp_vowels_dirs/uw/whod221.wav
/home/ganesh/research/vowel_classifier/data/nsp_vowels_dirs/ih/hid23.wav
/home/ganesh/research/vowel_classifier/data/nsp_vowels_dirs/ae/had167.wav
/home/ganesh/research/vowel_classifier/data/nsp_vowels_dirs/uw/whod43.wav
/home/ganesh/research/vowel_classifier/data/nsp_vowels_dirs/uh/hood208.wav
/home/ganesh/research/vowel_classifier/data/nsp_vowels_dirs/ih/hid174.wav
/home/ganesh/research/vowel_classifier/data/nsp_vowels_dirs/ey/hayed218.wav
/home/ganesh/research/vowel_classifier/data/nsp_vowels_dirs/ah/hudd236.wav
/home/ganesh/research/vowel_classifier/data/nsp_vowels_dirs/eh/head121.wav
/home/ganesh/research/vowel_classifier/data/nsp_vowels_dirs/ae/had283.wav
/home/ganesh/research/vowel_classifier/data/nsp_vowels_dirs/uh/hood14.wav
/home/ganesh/research/vowel_classifier/data/nsp_vowels_dirs/ow/hoed139.wav
/home/ganesh/research/vowel_classifier/data/nsp_vowels_dirs/ae/had285.wav
/home/ganesh/research/vowel_classifier/data/nsp_vowels_dirs/ey/hayed43.wav
/home/ganesh/research/vowel_classifier/data/nsp_vowels_dirs/ah/hudd233.wav
/home/ganesh/research/vowel_classifier/data/nsp_vowels_dirs/aa/hod139.wav
/home/ganesh/research/vowel_classifier/data/nsp_vowels_dirs/ae/had76.wav
/home/ganesh/research/vowel_classifier/data/nsp_vowels_dirs/uh/hood23.wav
/home/ganesh/research/vowel_classifier/data/nsp_vowels_dirs/ow/hoed247.wav
/home/ganesh/research/vowel_classifier/data/nsp_vowels_dirs/iy/heed238.wav
/home/ganesh/research/vowel_classifier/data/nsp_vowels_dirs/ih/hid30.wav
/home/ganesh/research/vowel_classifier/data/nsp_vowels_dirs/uh/hood122.wav
/home/ganesh/research/vowel_classifier/data/nsp_vowels_dirs/ih/hid167.wav
/home/ganesh/research/vowel_classifier/data/nsp_vowels_dirs/ih/hid12.wav
/home/ganesh/research/vowel_classifier/data/nsp_vowels_dirs/ae/had121.wav
/home/ganesh/research/vowel_classifier/data/nsp_vowels_dirs/ey/hayed266.wav
/home/ganesh/research/vowel_classifier/data/nsp_vowels_dirs/ey/hayed69.wav
/home/ganesh/research/vowel_classifier/data/nsp_vowels_dirs/ih/hid105.wav
/home/ganesh/research/vowel_classifier/data/nsp_vowels_dirs/ae/had115.wav
/home/ganesh/research/vowel_classifier/data/nsp_vowels_dirs/eh/head100.wav
/home/ganesh/research/vowel_classifier/data/nsp_vowels_dirs/eh/head10.wav
/home/ganesh/research/vowel_classifier/data/nsp_vowels_dirs/uw/whod297.wav
/home/ganesh/research/vowel_classifier/data/nsp_vowels_dirs/uh/hood19.wav
/home/ganesh/research/vowel_classifier/data/nsp_vowels_dirs/ih/hid133.wav
/home/ganesh/research/vowel_classifier/data/nsp_vowels_dirs/aa/hod81.wav
/home/ganesh/research/vowel_classifier/data/nsp_vowels_dirs/ae/had248.wav
/home/ganesh/research/vowel_classifier/data/nsp_vowels_dirs/ow/hoed289.wav
/home/ganesh/research/vowel_classifier/data/nsp_vowels_dirs/eh/head157.wav
/home/ganesh/research/vowel_classifier/data/nsp_vowels_dirs/uh/hood10.wav
/home/ganesh/research/vowel_classifier/data/nsp_vowels_dirs/ah/hudd138.wav
/home/ganesh/research/vowel_classifier/data/nsp_vowels_dirs/aa/hod215.wav
/home/ganesh/research/vowel_classifier/data/nsp_vowels_dirs/uh/hood157.wav
/home/ganesh/research/vowel_classifier/data/nsp_vowels_dirs/uw/whod127.wav
/home/ganesh/research/vowel_classifier/data/nsp_vowels_dirs/ah/hudd11.wav
/home/ganesh/research/vowel_classifier/data/nsp_vowels_dirs/ow/hoed75.wav
/home/ganesh/research/vowel_classifier/data/nsp_vowels_dirs/aa/hod135.wav
/home/ganesh/research/vowel_classifier/data/nsp_vowels_dirs/ey/hayed286.wav
/home/ganesh/research/vowel_classifier/data/nsp_vowels_dirs/aa/hod162.wav
/home/ganesh/research/vowel_classifier/data/nsp_vowels_dirs/uw/whod287.wav
/home/ganesh/research/vowel_classifier/data/nsp_vowels_dirs/ae/had125.wav
/home/ganesh/research/vowel_classifier/data/nsp_vowels_dirs/ey/hayed160.wav
/home/ganesh/research/vowel_classifier/data/nsp_vowels_dirs/ih/hid209.wav
/home/ganesh/research/vowel_classifier/data/nsp_vowels_dirs/ey/hayed118.wav
/home/ganesh/research/vowel_classifier/data/nsp_vowels_dirs/eh/head145.wav
/home/ganesh/research/vowel_classifier/data/nsp_vowels_dirs/uh/hood180.wav
/home/ganesh/research/vowel_classifier/data/nsp_vowels_dirs/iy/heed80.wav
/home/ganesh/research/vowel_classifier/data/nsp_vowels_dirs/aa/hod266.wav
/home/ganesh/research/vowel_classifier/data/nsp_vowels_dirs/aa/hod74.wav
/home/ganesh/research/vowel_classifier/data/nsp_vowels_dirs/ae/had123.wav
/home/ganesh/research/vowel_classifier/data/nsp_vowels_dirs/iy/heed125.wav
/home/ganesh/research/vowel_classifier/data/nsp_vowels_dirs/aa/hod117.wav
/home/ganesh/research/vowel_classifier/data/nsp_vowels_dirs/ih/hid134.wav
/home/ganesh/research/vowel_classifier/data/nsp_vowels_dirs/ey/hayed191.wav
/home/ganesh/research/vowel_classifier/data/nsp_vowels_dirs/uw/whod290.wav
/home/ganesh/research/vowel_classifier/data/nsp_vowels_dirs/ey/hayed106.wav
/home/ganesh/research/vowel_classifier/data/nsp_vowels_dirs/iy/heed224.wav
/home/ganesh/research/vowel_classifier/data/nsp_vowels_dirs/ow/hoed96.wav
/home/ganesh/research/vowel_classifier/data/nsp_vowels_dirs/ah/hudd260.wav
/home/ganesh/research/vowel_classifier/data/nsp_vowels_dirs/ae/had227.wav
/home/ganesh/research/vowel_classifier/data/nsp_vowels_dirs/eh/head162.wav
/home/ganesh/research/vowel_classifier/data/nsp_vowels_dirs/ae/had32.wav
/home/ganesh/research/vowel_classifier/data/nsp_vowels_dirs/eh/head4.wav
/home/ganesh/research/vowel_classifier/data/nsp_vowels_dirs/uw/whod292.wav
/home/ganesh/research/vowel_classifier/data/nsp_vowels_dirs/ah/hudd118.wav
/home/ganesh/research/vowel_classifier/data/nsp_vowels_dirs/uw/whod152.wav
/home/ganesh/research/vowel_classifier/data/nsp_vowels_dirs/eh/head268.wav
/home/ganesh/research/vowel_classifier/data/nsp_vowels_dirs/ae/had257.wav
/home/ganesh/research/vowel_classifier/data/nsp_vowels_dirs/iy/heed101.wav
/home/ganesh/research/vowel_classifier/data/nsp_vowels_dirs/ih/hid58.wav
/home/ganesh/research/vowel_classifier/data/nsp_vowels_dirs/iy/heed150.wav
/home/ganesh/research/vowel_classifier/data/nsp_vowels_dirs/iy/heed240.wav
/home/ganesh/research/vowel_classifier/data/nsp_vowels_dirs/aa/hod160.wav
/home/ganesh/research/vowel_classifier/data/nsp_vowels_dirs/iy/heed115.wav
/home/ganesh/research/vowel_classifier/data/nsp_vowels_dirs/ey/hayed46.wav
/home/ganesh/research/vowel_classifier/data/nsp_vowels_dirs/ey/hayed83.wav
/home/ganesh/research/vowel_classifier/data/nsp_vowels_dirs/ey/hayed112.wav
/home/ganesh/research/vowel_classifier/data/nsp_vowels_dirs/iy/heed36.wav
/home/ganesh/research/vowel_classifier/data/nsp_vowels_dirs/ih/hid216.wav
/home/ganesh/research/vowel_classifier/data/nsp_vowels_dirs/ah/hudd160.wav
/home/ganesh/research/vowel_classifier/data/nsp_vowels_dirs/aa/hod152.wav
/home/ganesh/research/vowel_classifier/data/nsp_vowels_dirs/ae/had207.wav
/home/ganesh/research/vowel_classifier/data/nsp_vowels_dirs/iy/heed59.wav
/home/ganesh/research/vowel_classifier/data/nsp_vowels_dirs/ey/hayed87.wav
